###############################################################################
#
# IAR ELF Linker V9.10.2.313/W64 for ARM                  12/Mar/2022  13:29:28
# Copyright 2007-2021 IAR Systems AB.
#
#    Output file  =
#        C:\Users\CanchezAK\Documents\IAR EW for
#        ARM\AES-128\EWARM\AES-128\Exe\AES-128.out
#    Map file     =
#        C:\Users\CanchezAK\Documents\IAR EW for
#        ARM\AES-128\EWARM\AES-128\List\AES-128.map
#    Command line =
#        -f "C:\Users\CanchezAK\Documents\IAR EW for
#        ARM\AES-128\EWARM\AES-128\Exe\AES-128.out.rsp"
#        ("C:\Users\CanchezAK\Documents\IAR EW for
#        ARM\AES-128\EWARM\AES-128\Obj\Application\User\Core\AES.o"
#        "C:\Users\CanchezAK\Documents\IAR EW for
#        ARM\AES-128\EWARM\AES-128\Obj\Application\User\Core\main.o"
#        "C:\Users\CanchezAK\Documents\IAR EW for
#        ARM\AES-128\EWARM\AES-128\Obj\Application\EWARM\startup_stm32f401xe.o"
#        "C:\Users\CanchezAK\Documents\IAR EW for
#        ARM\AES-128\EWARM\AES-128\Obj\Drivers\STM32F4xx_HAL_Driver\stm32f4xx_hal.o"
#        "C:\Users\CanchezAK\Documents\IAR EW for
#        ARM\AES-128\EWARM\AES-128\Obj\Drivers\STM32F4xx_HAL_Driver\stm32f4xx_hal_cortex.o"
#        "C:\Users\CanchezAK\Documents\IAR EW for
#        ARM\AES-128\EWARM\AES-128\Obj\Drivers\STM32F4xx_HAL_Driver\stm32f4xx_hal_dma.o"
#        "C:\Users\CanchezAK\Documents\IAR EW for
#        ARM\AES-128\EWARM\AES-128\Obj\Drivers\STM32F4xx_HAL_Driver\stm32f4xx_hal_dma_ex.o"
#        "C:\Users\CanchezAK\Documents\IAR EW for
#        ARM\AES-128\EWARM\AES-128\Obj\Drivers\STM32F4xx_HAL_Driver\stm32f4xx_hal_exti.o"
#        "C:\Users\CanchezAK\Documents\IAR EW for
#        ARM\AES-128\EWARM\AES-128\Obj\Drivers\STM32F4xx_HAL_Driver\stm32f4xx_hal_flash.o"
#        "C:\Users\CanchezAK\Documents\IAR EW for
#        ARM\AES-128\EWARM\AES-128\Obj\Drivers\STM32F4xx_HAL_Driver\stm32f4xx_hal_flash_ex.o"
#        "C:\Users\CanchezAK\Documents\IAR EW for
#        ARM\AES-128\EWARM\AES-128\Obj\Drivers\STM32F4xx_HAL_Driver\stm32f4xx_hal_flash_ramfunc.o"
#        "C:\Users\CanchezAK\Documents\IAR EW for
#        ARM\AES-128\EWARM\AES-128\Obj\Drivers\STM32F4xx_HAL_Driver\stm32f4xx_hal_gpio.o"
#        "C:\Users\CanchezAK\Documents\IAR EW for
#        ARM\AES-128\EWARM\AES-128\Obj\Application\User\Core\stm32f4xx_hal_msp.o"
#        "C:\Users\CanchezAK\Documents\IAR EW for
#        ARM\AES-128\EWARM\AES-128\Obj\Drivers\STM32F4xx_HAL_Driver\stm32f4xx_hal_pwr.o"
#        "C:\Users\CanchezAK\Documents\IAR EW for
#        ARM\AES-128\EWARM\AES-128\Obj\Drivers\STM32F4xx_HAL_Driver\stm32f4xx_hal_pwr_ex.o"
#        "C:\Users\CanchezAK\Documents\IAR EW for
#        ARM\AES-128\EWARM\AES-128\Obj\Drivers\STM32F4xx_HAL_Driver\stm32f4xx_hal_rcc.o"
#        "C:\Users\CanchezAK\Documents\IAR EW for
#        ARM\AES-128\EWARM\AES-128\Obj\Drivers\STM32F4xx_HAL_Driver\stm32f4xx_hal_rcc_ex.o"
#        "C:\Users\CanchezAK\Documents\IAR EW for
#        ARM\AES-128\EWARM\AES-128\Obj\Drivers\STM32F4xx_HAL_Driver\stm32f4xx_hal_tim.o"
#        "C:\Users\CanchezAK\Documents\IAR EW for
#        ARM\AES-128\EWARM\AES-128\Obj\Drivers\STM32F4xx_HAL_Driver\stm32f4xx_hal_tim_ex.o"
#        "C:\Users\CanchezAK\Documents\IAR EW for
#        ARM\AES-128\EWARM\AES-128\Obj\Drivers\STM32F4xx_HAL_Driver\stm32f4xx_hal_uart.o"
#        "C:\Users\CanchezAK\Documents\IAR EW for
#        ARM\AES-128\EWARM\AES-128\Obj\Application\User\Core\stm32f4xx_it.o"
#        "C:\Users\CanchezAK\Documents\IAR EW for
#        ARM\AES-128\EWARM\AES-128\Obj\Drivers\CMSIS\system_stm32f4xx.o"
#        --redirect _Printf=_PrintfFull --redirect _Scanf=_ScanfFull
#        --no_out_extension -o "C:\Users\CanchezAK\Documents\IAR EW for
#        ARM\AES-128\EWARM\AES-128\Exe\AES-128.out" --map
#        "C:\Users\CanchezAK\Documents\IAR EW for
#        ARM\AES-128\EWARM\AES-128\List\AES-128.map" --config
#        "C:\Users\CanchezAK\Documents\IAR EW for
#        ARM\AES-128\EWARM/stm32f401xe_flash.icf" --semihosting --entry
#        __iar_program_start --vfe --text_out locale)
#
###############################################################################

*******************************************************************************
*** RUNTIME MODEL ATTRIBUTES
***

CppFlavor       = *
__SystemLibrary = DLib
__dlib_version  = 6


*******************************************************************************
*** HEAP SELECTION
***

The basic heap was selected because no calls to memory allocation
functions were found in the application outside of system library
functions, and there are calls to deallocation functions in the
application.


*******************************************************************************
*** PLACEMENT SUMMARY
***

"A0":  place at address 0x800'0000 { ro section .intvec };
"P1":  place in [from 0x800'0000 to 0x807'ffff] { ro };
define block CSTACK with size = 1K, alignment = 8 { };
define block HEAP with size = 512, alignment = 8 { };
"P2":  place in [from 0x2000'0000 to 0x2001'7fff] {
          rw, block CSTACK, block HEAP };
initialize by copy { rw };

  Section            Kind         Address    Size  Object
  -------            ----         -------    ----  ------
"A0":                                       0x194
  .intvec            ro code   0x800'0000   0x194  startup_stm32f401xe.o [1]
                             - 0x800'0194   0x194

"P1":                                      0x1b21
  .text              ro code   0x800'0194   0x494  stm32f4xx_hal_uart.o [4]
  .text              ro code   0x800'0628    0xc0  stm32f4xx_hal_msp.o [2]
  .text              ro code   0x800'06e8     0xc  stm32f4xx_hal.o [4]
  .text              ro code   0x800'06f4    0x24  stm32f4xx_hal_dma.o [4]
  .text              ro code   0x800'0718     0x2  stm32f4xx_hal_uart.o [4]
  .text              ro code   0x800'071a     0x2  stm32f4xx_hal_uart.o [4]
  .text              ro code   0x800'071c     0x2  stm32f4xx_hal_uart.o [4]
  .text              ro code   0x800'071e    0x3a  packbits_init_single.o [7]
  .text              ro code   0x800'0758   0x14c  stm32f4xx_hal_rcc.o [4]
  .text              ro code   0x800'08a4   0x106  I64DivMod_small.o [7]
  .text              ro code   0x800'09ac    0xc4  stm32f4xx_hal_cortex.o [4]
  .text              ro code   0x800'0a70    0x14  memset.o [7]
  .text              ro code   0x800'0a84   0x1e8  stm32f4xx_hal_gpio.o [4]
  .text              ro code   0x800'0c6c    0x60  stm32f4xx_hal_rcc.o [4]
  .text              ro code   0x800'0ccc    0x40  stm32f4xx_hal.o [4]
  .text              ro code   0x800'0d0c     0x2  I64DivZer.o [7]
  .text              ro code   0x800'0d10    0x66  ABImemset.o [7]
  .text              ro code   0x800'0d78   0x420  main.o [2]
  .text              ro code   0x800'1198    0x18  ABImemcpy_small.o [7]
  .text              ro code   0x800'11b0   0x33c  AES.o [2]
  .text              ro code   0x800'14ec    0x34  stm32f4xx_hal.o [4]
  .text              ro code   0x800'1520    0x34  stm32f4xx_hal_pwr.o [4]
  .text              ro code   0x800'1554   0x2dc  stm32f4xx_hal_rcc.o [4]
  .text              ro code   0x800'1830    0x2c  system_stm32f4xx.o [3]
  .rodata            const     0x800'185c    0x28  AES.o [2]
  .text              ro code   0x800'1884    0x28  stm32f4xx_it.o [2]
  .text              ro code   0x800'18ac    0x10  stm32f4xx_hal.o [4]
  .text              ro code   0x800'18bc    0x28  data_init.o [7]
  .text              ro code   0x800'18e4    0x22  fpinit_M.o [6]
  .iar.init_table    const     0x800'1908    0x10  - Linker created -
  .text              ro code   0x800'1918    0x1e  cmain.o [7]
  .text              ro code   0x800'1936     0x4  low_level_init.o [5]
  .text              ro code   0x800'193a     0x4  exit.o [5]
  .text              ro code   0x800'1940     0xa  cexit.o [7]
  .text              ro code   0x800'194c    0x14  exit.o [8]
  .text              ro code   0x800'1960    0x1c  cstartup_M.o [7]
  .text              ro code   0x800'197c    0x10  startup_stm32f401xe.o [1]
  .rodata            const     0x800'198c     0x8  system_stm32f4xx.o [3]
  .text              ro code   0x800'1994     0x4  startup_stm32f401xe.o [1]
  .text              ro code   0x800'1998     0x4  startup_stm32f401xe.o [1]
  .text              ro code   0x800'199c     0x4  startup_stm32f401xe.o [1]
  .text              ro code   0x800'19a0     0x4  startup_stm32f401xe.o [1]
  .text              ro code   0x800'19a4     0x4  startup_stm32f401xe.o [1]
  .text              ro code   0x800'19a8     0x4  startup_stm32f401xe.o [1]
  .text              ro code   0x800'19ac     0x4  startup_stm32f401xe.o [1]
  .text              ro code   0x800'19b0     0x4  startup_stm32f401xe.o [1]
  .text              ro code   0x800'19b4     0x4  startup_stm32f401xe.o [1]
  .text              ro code   0x800'19b8     0x4  startup_stm32f401xe.o [1]
  .text              ro code   0x800'19bc     0x4  startup_stm32f401xe.o [1]
  .text              ro code   0x800'19c0     0x4  startup_stm32f401xe.o [1]
  .text              ro code   0x800'19c4     0x4  startup_stm32f401xe.o [1]
  .text              ro code   0x800'19c8     0x4  startup_stm32f401xe.o [1]
  .text              ro code   0x800'19cc     0x4  startup_stm32f401xe.o [1]
  .text              ro code   0x800'19d0     0x4  startup_stm32f401xe.o [1]
  .text              ro code   0x800'19d4     0x4  startup_stm32f401xe.o [1]
  .text              ro code   0x800'19d8     0x4  startup_stm32f401xe.o [1]
  .text              ro code   0x800'19dc     0x4  startup_stm32f401xe.o [1]
  .text              ro code   0x800'19e0     0x4  startup_stm32f401xe.o [1]
  .text              ro code   0x800'19e4     0x4  startup_stm32f401xe.o [1]
  .text              ro code   0x800'19e8     0x4  startup_stm32f401xe.o [1]
  .text              ro code   0x800'19ec     0x4  startup_stm32f401xe.o [1]
  .text              ro code   0x800'19f0     0x4  startup_stm32f401xe.o [1]
  .text              ro code   0x800'19f4     0x4  startup_stm32f401xe.o [1]
  .text              ro code   0x800'19f8     0x4  startup_stm32f401xe.o [1]
  .text              ro code   0x800'19fc     0x4  startup_stm32f401xe.o [1]
  .text              ro code   0x800'1a00     0x4  startup_stm32f401xe.o [1]
  .text              ro code   0x800'1a04     0x4  startup_stm32f401xe.o [1]
  .text              ro code   0x800'1a08     0x4  startup_stm32f401xe.o [1]
  .text              ro code   0x800'1a0c     0x4  startup_stm32f401xe.o [1]
  .text              ro code   0x800'1a10     0x4  startup_stm32f401xe.o [1]
  .text              ro code   0x800'1a14     0x4  startup_stm32f401xe.o [1]
  .text              ro code   0x800'1a18     0x4  startup_stm32f401xe.o [1]
  .text              ro code   0x800'1a1c     0x4  startup_stm32f401xe.o [1]
  .text              ro code   0x800'1a20     0x4  startup_stm32f401xe.o [1]
  .text              ro code   0x800'1a24     0x4  startup_stm32f401xe.o [1]
  .text              ro code   0x800'1a28     0x4  startup_stm32f401xe.o [1]
  .text              ro code   0x800'1a2c     0x4  startup_stm32f401xe.o [1]
  .text              ro code   0x800'1a30     0x4  startup_stm32f401xe.o [1]
  .text              ro code   0x800'1a34     0x4  startup_stm32f401xe.o [1]
  .text              ro code   0x800'1a38     0x4  startup_stm32f401xe.o [1]
  .text              ro code   0x800'1a3c     0x4  startup_stm32f401xe.o [1]
  .text              ro code   0x800'1a40     0x4  startup_stm32f401xe.o [1]
  .text              ro code   0x800'1a44     0x4  startup_stm32f401xe.o [1]
  .text              ro code   0x800'1a48     0x4  startup_stm32f401xe.o [1]
  .text              ro code   0x800'1a4c     0x4  startup_stm32f401xe.o [1]
  .text              ro code   0x800'1a50     0x4  startup_stm32f401xe.o [1]
  .text              ro code   0x800'1a54     0x4  startup_stm32f401xe.o [1]
  .text              ro code   0x800'1a58     0x4  startup_stm32f401xe.o [1]
  .text              ro code   0x800'1a5c     0x4  startup_stm32f401xe.o [1]
  .text              ro code   0x800'1a60     0x4  startup_stm32f401xe.o [1]
  .text              ro code   0x800'1a64     0x4  startup_stm32f401xe.o [1]
  .text              ro code   0x800'1a68     0x4  startup_stm32f401xe.o [1]
  .rodata            const     0x800'1a6c     0x0  packbits_init_single.o [7]
  Initializer bytes  const     0x800'1a6c   0x249  <for P2-1>
                             - 0x800'1cb5  0x1b21

"P2", part 1 of 2:                          0x2b8
  P2-1                        0x2000'0000   0x2b8  <Init block>
    .data            inited   0x2000'0000   0x100  AES.o [2]
    .data            inited   0x2000'0100   0x100  AES.o [2]
    .data            inited   0x2000'0200    0xa8  main.o [2]
    .data            inited   0x2000'02a8     0xc  stm32f4xx_hal.o [4]
    .data            inited   0x2000'02b4     0x4  system_stm32f4xx.o [3]
                            - 0x2000'02b8   0x2b8

"P2", part 2 of 2:                          0x400
  CSTACK                      0x2000'02b8   0x400  <Block>
    CSTACK           uninit   0x2000'02b8   0x400  <Block tail>
                            - 0x2000'06b8   0x400

Unused ranges:

         From           To      Size
         ----           --      ----
   0x800'1cb5   0x807'ffff  0x7'e34b
  0x2000'06b8  0x2001'7fff  0x1'7948


*******************************************************************************
*** INIT TABLE
***

          Address      Size
          -------      ----
Copy/packbits (__iar_packbits_init_single3)
    1 source range, total size 0x249 (84% of destination):
           0x800'1a6c  0x249
    1 destination range, total size 0x2b8:
          0x2000'0000  0x2b8



*******************************************************************************
*** MODULE SUMMARY
***

    Module                  ro code  ro data  rw data
    ------                  -------  -------  -------
command line/config:
    -------------------------------------------------
    Total:

C:\Users\CanchezAK\Documents\IAR EW for ARM\AES-128\EWARM\AES-128\Obj\Application\EWARM: [1]
    startup_stm32f401xe.o       636
    -------------------------------------------------
    Total:                      636

C:\Users\CanchezAK\Documents\IAR EW for ARM\AES-128\EWARM\AES-128\Obj\Application\User\Core: [2]
    AES.o                       828      470      512
    main.o                    1'056      141      168
    stm32f4xx_hal_msp.o         192
    stm32f4xx_it.o               40
    -------------------------------------------------
    Total:                    2'116      611      680

C:\Users\CanchezAK\Documents\IAR EW for ARM\AES-128\EWARM\AES-128\Obj\Drivers\CMSIS: [3]
    system_stm32f4xx.o           44       12        4
    -------------------------------------------------
    Total:                       44       12        4

C:\Users\CanchezAK\Documents\IAR EW for ARM\AES-128\EWARM\AES-128\Obj\Drivers\STM32F4xx_HAL_Driver: [4]
    stm32f4xx_hal.o             144       10       12
    stm32f4xx_hal_cortex.o      196
    stm32f4xx_hal_dma.o          36
    stm32f4xx_hal_gpio.o        488
    stm32f4xx_hal_pwr.o          52
    stm32f4xx_hal_rcc.o       1'160
    stm32f4xx_hal_uart.o      1'178
    -------------------------------------------------
    Total:                    3'254       10       12

dl7M_tlf.a: [5]
    exit.o                        4
    low_level_init.o              4
    -------------------------------------------------
    Total:                        8

m7M_tls.a: [6]
    fpinit_M.o                   34
    -------------------------------------------------
    Total:                       34

rt7M_tl.a: [7]
    ABImemcpy_small.o            24
    ABImemset.o                 102
    I64DivMod_small.o           262
    I64DivZer.o                   2
    cexit.o                      10
    cmain.o                      30
    cstartup_M.o                 28
    data_init.o                  40
    memset.o                     20
    packbits_init_single.o       58
    -------------------------------------------------
    Total:                      576

shb_l.a: [8]
    exit.o                       20
    -------------------------------------------------
    Total:                       20

    Gaps                         10        2
    Linker created                        16    1'024
-----------------------------------------------------
    Grand Total:              6'698      651    1'720


*******************************************************************************
*** ENTRY LIST
***

Entry                       Address   Size  Type      Object
-----                       -------   ----  ----      ------
.iar.init_table$$Base    0x800'1908          --   Gb  - Linker created -
.iar.init_table$$Limit   0x800'1918          --   Gb  - Linker created -
?main                    0x800'1919         Code  Gb  cmain.o [7]
AHBPrescTable            0x800'184c   0x10  Data  Gb  system_stm32f4xx.o [3]
APBPrescTable            0x800'198c    0x8  Data  Gb  system_stm32f4xx.o [3]
BusFault_Handler         0x800'188b    0x2  Code  Gb  stm32f4xx_it.o [2]
CSTACK$$Base            0x2000'02b8          --   Gb  - Linker created -
CSTACK$$Limit           0x2000'06b8          --   Gb  - Linker created -
DWT_Init                 0x800'0efd   0x1a  Code  Gb  main.o [2]
DebugMon_Handler         0x800'1891    0x2  Code  Gb  stm32f4xx_it.o [2]
EXTI15_10_IRQHandler     0x800'18a5    0x8  Code  Gb  stm32f4xx_it.o [2]
Error_Handler            0x800'1155    0x4  Code  Gb  main.o [2]
GMul                     0x800'1385   0x24  Code  Gb  AES.o [2]
HAL_DMA_Abort_IT         0x800'06f5   0x24  Code  Gb  stm32f4xx_hal_dma.o [4]
HAL_GPIO_EXTI_Callback   0x800'10c5   0x54  Code  Gb  main.o [2]
HAL_GPIO_EXTI_IRQHandler
                         0x800'0c37   0x10  Code  Gb  stm32f4xx_hal_gpio.o [4]
HAL_GPIO_Init            0x800'0a85  0x190  Code  Gb  stm32f4xx_hal_gpio.o [4]
HAL_GPIO_ReadPin         0x800'0c15    0xc  Code  Gb  stm32f4xx_hal_gpio.o [4]
HAL_GPIO_TogglePin       0x800'0c29    0xe  Code  Gb  stm32f4xx_hal_gpio.o [4]
HAL_GPIO_WritePin        0x800'0c21    0x8  Code  Gb  stm32f4xx_hal_gpio.o [4]
HAL_GetTick              0x800'06e9    0xc  Code  Gb  stm32f4xx_hal.o [4]
HAL_IncTick              0x800'18ad   0x10  Code  Gb  stm32f4xx_hal.o [4]
HAL_Init                 0x800'14ed   0x30  Code  Gb  stm32f4xx_hal.o [4]
HAL_InitTick             0x800'0ccd   0x40  Code  Gb  stm32f4xx_hal.o [4]
HAL_MspInit              0x800'0629   0x38  Code  Gb  stm32f4xx_hal_msp.o [2]
HAL_NVIC_EnableIRQ       0x800'0a1b   0x16  Code  Gb  stm32f4xx_hal_cortex.o [4]
HAL_NVIC_SetPriority     0x800'09e1   0x3a  Code  Gb  stm32f4xx_hal_cortex.o [4]
HAL_NVIC_SetPriorityGrouping
                         0x800'09c7   0x1a  Code  Gb  stm32f4xx_hal_cortex.o [4]
HAL_PWR_EnterSTOPMode    0x800'1521   0x2c  Code  Gb  stm32f4xx_hal_pwr.o [4]
HAL_RCC_ClockConfig      0x800'0759  0x100  Code  Gb  stm32f4xx_hal_rcc.o [4]
HAL_RCC_GetPCLK1Freq     0x800'0865   0x10  Code  Gb  stm32f4xx_hal_rcc.o [4]
HAL_RCC_GetPCLK2Freq     0x800'0875    0xe  Code  Gb  stm32f4xx_hal_rcc.o [4]
HAL_RCC_GetSysClockFreq
                         0x800'0c6d   0x60  Code  Gb  stm32f4xx_hal_rcc.o [4]
HAL_RCC_OscConfig        0x800'1555  0x2dc  Code  Gb  stm32f4xx_hal_rcc.o [4]
HAL_SYSTICK_Config       0x800'0a31   0x28  Code  Gb  stm32f4xx_hal_cortex.o [4]
HAL_UART_ErrorCallback   0x800'0719    0x2  Code  Gb  stm32f4xx_hal_uart.o [4]
HAL_UART_IRQHandler      0x800'02c9  0x15c  Code  Gb  stm32f4xx_hal_uart.o [4]
HAL_UART_Init            0x800'0195   0x1e  Code  Gb  stm32f4xx_hal_uart.o [4]
HAL_UART_MspInit         0x800'0661   0x76  Code  Gb  stm32f4xx_hal_msp.o [2]
HAL_UART_RxCpltCallback
                         0x800'071d    0x2  Code  Gb  stm32f4xx_hal_uart.o [4]
HAL_UART_Transmit        0x800'020b   0xaa  Code  Gb  stm32f4xx_hal_uart.o [4]
HAL_UART_TxCpltCallback
                         0x800'071b    0x2  Code  Gb  stm32f4xx_hal_uart.o [4]
HardFault_Handler        0x800'1887    0x2  Code  Gb  stm32f4xx_it.o [2]
MemManage_Handler        0x800'1889    0x2  Code  Gb  stm32f4xx_it.o [2]
NMI_Handler              0x800'1885    0x2  Code  Gb  stm32f4xx_it.o [2]
PendSV_Handler           0x800'1893    0x2  Code  Gb  stm32f4xx_it.o [2]
Region$$Table$$Base      0x800'1908          --   Gb  - Linker created -
Region$$Table$$Limit     0x800'1918          --   Gb  - Linker created -
S                       0x2000'0000  0x100  Data  Gb  AES.o [2]
SVC_Handler              0x800'188f    0x2  Code  Gb  stm32f4xx_it.o [2]
SysTick_Handler          0x800'1895    0x4  Code  Gb  stm32f4xx_it.o [2]
SystemClock_Config       0x800'1029   0x9a  Code  Gb  main.o [2]
SystemCoreClock         0x2000'02b4    0x4  Data  Gb  system_stm32f4xx.o [3]
SystemInit               0x800'1831   0x14  Code  Gb  system_stm32f4xx.o [3]
UART_DMAAbortOnError     0x800'04a5    0xc  Code  Lc  stm32f4xx_hal_uart.o [4]
UART_EndRxTransfer       0x800'0489   0x1c  Code  Lc  stm32f4xx_hal_uart.o [4]
UART_Receive_IT          0x800'04b1   0x92  Code  Lc  stm32f4xx_hal_uart.o [4]
UART_SetConfig           0x800'0543   0xcc  Code  Lc  stm32f4xx_hal_uart.o [4]
UART_WaitOnFlagUntilTimeout
                         0x800'0425   0x56  Code  Lc  stm32f4xx_hal_uart.o [4]
USART1_IRQHandler        0x800'1899    0x6  Code  Gb  stm32f4xx_it.o [2]
UsageFault_Handler       0x800'188d    0x2  Code  Gb  stm32f4xx_it.o [2]
__NVIC_SetPriority       0x800'09ad   0x1a  Code  Lc  stm32f4xx_hal_cortex.o [4]
__aeabi_ldiv0            0x800'0d0d         Code  Gb  I64DivZer.o [7]
__aeabi_memset           0x800'0d11         Code  Gb  ABImemset.o [7]
__cmain                  0x800'1919         Code  Gb  cmain.o [7]
__exit                   0x800'194d   0x14  Code  Gb  exit.o [8]
__iar_Memset             0x800'0d11         Code  Gb  ABImemset.o [7]
__iar_Memset_word        0x800'0d19         Code  Gb  ABImemset.o [7]
__iar_data_init3         0x800'18bd   0x28  Code  Gb  data_init.o [7]
__iar_init_vfp           0x800'18e5         Code  Gb  fpinit_M.o [6]
__iar_packbits_init_single3
                         0x800'071f   0x3a  Code  Gb  packbits_init_single.o [7]
__iar_program_start      0x800'1961         Code  Gb  cstartup_M.o [7]
__iar_small_Memcpy       0x800'119d         Code  Gb  ABImemcpy_small.o [7]
__iar_small_memcpy       0x800'1199         Code  Gb  ABImemcpy_small.o [7]
__iar_small_memcpy4      0x800'1199         Code  Gb  ABImemcpy_small.o [7]
__iar_small_memcpy8      0x800'1199         Code  Gb  ABImemcpy_small.o [7]
__iar_small_uldivmod     0x800'08a5         Code  Gb  I64DivMod_small.o [7]
__low_level_init         0x800'1937    0x4  Code  Gb  low_level_init.o [5]
__vector_table           0x800'0000         Data  Gb  startup_stm32f401xe.o [1]
_call_main               0x800'1925         Code  Gb  cmain.o [7]
_exit                    0x800'1941         Code  Gb  cexit.o [7]
addRoundKey              0x800'12b9   0x3a  Code  Gb  AES.o [2]
aesDecrypt               0x800'142f   0x96  Code  Gb  AES.o [2]
decrypt                  0x800'0e83   0x7a  Code  Gb  main.o [2]
decrypt_test            0x2000'0248   0x30  Data  Gb  main.o [2]
exit                     0x800'193b    0x4  Code  Gb  exit.o [5]
huart1                  0x2000'0204   0x40  Data  Gb  main.o [2]
invMixColumns            0x800'13a9    0xa  Code  Gb  AES.o [2]
invShiftRows             0x800'131b   0x1e  Code  Gb  AES.o [2]
invSubBytes              0x800'12f3    0x6  Code  Gb  AES.o [2]
inv_S                   0x2000'0100  0x100  Data  Gb  AES.o [2]
key                      0x800'1158   0x10  Data  Gb  main.o [2]
keyExpansion             0x800'11f1   0xc8  Code  Gb  AES.o [2]
loadStateArray           0x800'11b1   0x20  Code  Gb  AES.o [2]
main                     0x800'0f17  0x108  Code  Gb  main.o [2]
memset                   0x800'0a71   0x14  Code  Gb  memset.o [7]
omass                   0x2000'0278   0x30  Data  Gb  main.o [2]
rcon                     0x800'185c   0x28  Data  Lc  AES.o [2]
size_omass              0x2000'0202    0x2  Data  Gb  main.o [2]
sleep                   0x2000'0200    0x1  Data  Gb  main.o [2]
storeStateArray          0x800'11d1   0x20  Code  Gb  AES.o [2]
time_act                0x2000'0244    0x4  Data  Gb  main.o [2]
time_transmit            0x800'0d79   0xee  Code  Gb  main.o [2]
uwTick                  0x2000'02ac    0x4  Data  Gb  stm32f4xx_hal.o [4]
uwTickFreq              0x2000'02a8    0x1  Data  Gb  stm32f4xx_hal.o [4]
uwTickPrio              0x2000'02b0    0x4  Data  Gb  stm32f4xx_hal.o [4]


[1] = C:\Users\CanchezAK\Documents\IAR EW for ARM\AES-128\EWARM\AES-128\Obj\Application\EWARM
[2] = C:\Users\CanchezAK\Documents\IAR EW for ARM\AES-128\EWARM\AES-128\Obj\Application\User\Core
[3] = C:\Users\CanchezAK\Documents\IAR EW for ARM\AES-128\EWARM\AES-128\Obj\Drivers\CMSIS
[4] = C:\Users\CanchezAK\Documents\IAR EW for ARM\AES-128\EWARM\AES-128\Obj\Drivers\STM32F4xx_HAL_Driver
[5] = dl7M_tlf.a
[6] = m7M_tls.a
[7] = rt7M_tl.a
[8] = shb_l.a

  6'698 bytes of readonly  code memory
    651 bytes of readonly  data memory
  1'720 bytes of readwrite data memory

Errors: none
Warnings: none
