###############################################################################
#
# IAR ELF Linker V9.10.2.313/W64 for ARM                  12/Mar/2022  19:26:22
# Copyright 2007-2021 IAR Systems AB.
#
#    Output file  =
#        C:\Users\CanchezAK\Documents\IAR EW for
#        ARM\AES-128\EWARM\AES-128\Exe\AES-128.out
#    Map file     =
#        C:\Users\CanchezAK\Documents\IAR EW for
#        ARM\AES-128\EWARM\AES-128\List\AES-128.map
#    Command line =
#        -f "C:\Users\CanchezAK\Documents\IAR EW for
#        ARM\AES-128\EWARM\AES-128\Exe\AES-128.out.rsp"
#        ("C:\Users\CanchezAK\Documents\IAR EW for
#        ARM\AES-128\EWARM\AES-128\Obj\Application\User\Core\AES.o"
#        "C:\Users\CanchezAK\Documents\IAR EW for
#        ARM\AES-128\EWARM\AES-128\Obj\Application\User\Core\main.o"
#        "C:\Users\CanchezAK\Documents\IAR EW for
#        ARM\AES-128\EWARM\AES-128\Obj\Application\EWARM\startup_stm32f401xe.o"
#        "C:\Users\CanchezAK\Documents\IAR EW for
#        ARM\AES-128\EWARM\AES-128\Obj\Drivers\STM32F4xx_HAL_Driver\stm32f4xx_hal.o"
#        "C:\Users\CanchezAK\Documents\IAR EW for
#        ARM\AES-128\EWARM\AES-128\Obj\Drivers\STM32F4xx_HAL_Driver\stm32f4xx_hal_cortex.o"
#        "C:\Users\CanchezAK\Documents\IAR EW for
#        ARM\AES-128\EWARM\AES-128\Obj\Drivers\STM32F4xx_HAL_Driver\stm32f4xx_hal_dma.o"
#        "C:\Users\CanchezAK\Documents\IAR EW for
#        ARM\AES-128\EWARM\AES-128\Obj\Drivers\STM32F4xx_HAL_Driver\stm32f4xx_hal_dma_ex.o"
#        "C:\Users\CanchezAK\Documents\IAR EW for
#        ARM\AES-128\EWARM\AES-128\Obj\Drivers\STM32F4xx_HAL_Driver\stm32f4xx_hal_exti.o"
#        "C:\Users\CanchezAK\Documents\IAR EW for
#        ARM\AES-128\EWARM\AES-128\Obj\Drivers\STM32F4xx_HAL_Driver\stm32f4xx_hal_flash.o"
#        "C:\Users\CanchezAK\Documents\IAR EW for
#        ARM\AES-128\EWARM\AES-128\Obj\Drivers\STM32F4xx_HAL_Driver\stm32f4xx_hal_flash_ex.o"
#        "C:\Users\CanchezAK\Documents\IAR EW for
#        ARM\AES-128\EWARM\AES-128\Obj\Drivers\STM32F4xx_HAL_Driver\stm32f4xx_hal_flash_ramfunc.o"
#        "C:\Users\CanchezAK\Documents\IAR EW for
#        ARM\AES-128\EWARM\AES-128\Obj\Drivers\STM32F4xx_HAL_Driver\stm32f4xx_hal_gpio.o"
#        "C:\Users\CanchezAK\Documents\IAR EW for
#        ARM\AES-128\EWARM\AES-128\Obj\Application\User\Core\stm32f4xx_hal_msp.o"
#        "C:\Users\CanchezAK\Documents\IAR EW for
#        ARM\AES-128\EWARM\AES-128\Obj\Drivers\STM32F4xx_HAL_Driver\stm32f4xx_hal_pwr.o"
#        "C:\Users\CanchezAK\Documents\IAR EW for
#        ARM\AES-128\EWARM\AES-128\Obj\Drivers\STM32F4xx_HAL_Driver\stm32f4xx_hal_pwr_ex.o"
#        "C:\Users\CanchezAK\Documents\IAR EW for
#        ARM\AES-128\EWARM\AES-128\Obj\Drivers\STM32F4xx_HAL_Driver\stm32f4xx_hal_rcc.o"
#        "C:\Users\CanchezAK\Documents\IAR EW for
#        ARM\AES-128\EWARM\AES-128\Obj\Drivers\STM32F4xx_HAL_Driver\stm32f4xx_hal_rcc_ex.o"
#        "C:\Users\CanchezAK\Documents\IAR EW for
#        ARM\AES-128\EWARM\AES-128\Obj\Drivers\STM32F4xx_HAL_Driver\stm32f4xx_hal_tim.o"
#        "C:\Users\CanchezAK\Documents\IAR EW for
#        ARM\AES-128\EWARM\AES-128\Obj\Drivers\STM32F4xx_HAL_Driver\stm32f4xx_hal_tim_ex.o"
#        "C:\Users\CanchezAK\Documents\IAR EW for
#        ARM\AES-128\EWARM\AES-128\Obj\Drivers\STM32F4xx_HAL_Driver\stm32f4xx_hal_uart.o"
#        "C:\Users\CanchezAK\Documents\IAR EW for
#        ARM\AES-128\EWARM\AES-128\Obj\Application\User\Core\stm32f4xx_it.o"
#        "C:\Users\CanchezAK\Documents\IAR EW for
#        ARM\AES-128\EWARM\AES-128\Obj\Drivers\CMSIS\system_stm32f4xx.o"
#        --redirect _Printf=_PrintfFull --redirect _Scanf=_ScanfFull
#        --no_out_extension -o "C:\Users\CanchezAK\Documents\IAR EW for
#        ARM\AES-128\EWARM\AES-128\Exe\AES-128.out" --map
#        "C:\Users\CanchezAK\Documents\IAR EW for
#        ARM\AES-128\EWARM\AES-128\List\AES-128.map" --config
#        "C:\Users\CanchezAK\Documents\IAR EW for
#        ARM\AES-128\EWARM/stm32f401xe_flash.icf" --semihosting --entry
#        __iar_program_start --vfe --text_out locale)
#
###############################################################################

*******************************************************************************
*** RUNTIME MODEL ATTRIBUTES
***

CppFlavor       = *
__SystemLibrary = DLib
__dlib_version  = 6


*******************************************************************************
*** HEAP SELECTION
***

The basic heap was selected because no calls to memory allocation
functions were found in the application outside of system library
functions, and there are calls to deallocation functions in the
application.


*******************************************************************************
*** PLACEMENT SUMMARY
***

"A0":  place at address 0x800'0000 { ro section .intvec };
"P1":  place in [from 0x800'0000 to 0x807'ffff] { ro };
define block CSTACK with size = 1K, alignment = 8 { };
define block HEAP with size = 512, alignment = 8 { };
"P2":  place in [from 0x2000'0000 to 0x2001'7fff] {
          rw, block CSTACK, block HEAP };
initialize by copy { rw };

  Section            Kind         Address    Size  Object
  -------            ----         -------    ----  ------
"A0":                                       0x194
  .intvec            ro code   0x800'0000   0x194  startup_stm32f401xe.o [1]
                             - 0x800'0194   0x194

"P1":                                      0x1b2d
  .text              ro code   0x800'0194   0x494  stm32f4xx_hal_uart.o [4]
  .text              ro code   0x800'0628    0xc0  stm32f4xx_hal_msp.o [2]
  .text              ro code   0x800'06e8     0xc  stm32f4xx_hal.o [4]
  .text              ro code   0x800'06f4    0x24  stm32f4xx_hal_dma.o [4]
  .text              ro code   0x800'0718     0x2  stm32f4xx_hal_uart.o [4]
  .text              ro code   0x800'071a     0x2  stm32f4xx_hal_uart.o [4]
  .text              ro code   0x800'071c     0x2  stm32f4xx_hal_uart.o [4]
  .text              ro code   0x800'071e    0x3a  packbits_init_single.o [7]
  .text              ro code   0x800'0758   0x14c  stm32f4xx_hal_rcc.o [4]
  .text              ro code   0x800'08a4   0x106  I64DivMod_small.o [7]
  .text              ro code   0x800'09ac    0xc4  stm32f4xx_hal_cortex.o [4]
  .text              ro code   0x800'0a70    0x14  memset.o [7]
  .text              ro code   0x800'0a84   0x1d8  stm32f4xx_hal_gpio.o [4]
  .text              ro code   0x800'0c5c    0x60  stm32f4xx_hal_rcc.o [4]
  .text              ro code   0x800'0cbc    0x40  stm32f4xx_hal.o [4]
  .text              ro code   0x800'0cfc     0x2  I64DivZer.o [7]
  .text              ro code   0x800'0d00    0x66  ABImemset.o [7]
  .text              ro code   0x800'0d68   0x420  main.o [2]
  .text              ro code   0x800'1188    0x18  ABImemcpy_small.o [7]
  .text              ro code   0x800'11a0   0x32c  AES.o [2]
  .text              ro code   0x800'14cc    0x34  stm32f4xx_hal.o [4]
  .text              ro code   0x800'1500    0x40  stm32f4xx_hal_pwr.o [4]
  .text              ro code   0x800'1540    0x10  stm32f4xx_hal.o [4]
  .text              ro code   0x800'1550   0x2dc  stm32f4xx_hal_rcc.o [4]
  .text              ro code   0x800'182c    0x10  stm32f4xx_hal.o [4]
  .text              ro code   0x800'183c    0x2c  system_stm32f4xx.o [3]
  .rodata            const     0x800'1868    0x28  AES.o [2]
  .text              ro code   0x800'1890    0x28  stm32f4xx_it.o [2]
  .text              ro code   0x800'18b8    0x10  stm32f4xx_hal.o [4]
  .text              ro code   0x800'18c8    0x28  data_init.o [7]
  .text              ro code   0x800'18f0    0x22  fpinit_M.o [6]
  .iar.init_table    const     0x800'1914    0x10  - Linker created -
  .text              ro code   0x800'1924    0x1e  cmain.o [7]
  .text              ro code   0x800'1942     0x4  low_level_init.o [5]
  .text              ro code   0x800'1946     0x4  exit.o [5]
  .text              ro code   0x800'194c     0xa  cexit.o [7]
  .text              ro code   0x800'1958    0x14  exit.o [8]
  .text              ro code   0x800'196c    0x1c  cstartup_M.o [7]
  .text              ro code   0x800'1988    0x10  startup_stm32f401xe.o [1]
  .rodata            const     0x800'1998     0x8  system_stm32f4xx.o [3]
  .text              ro code   0x800'19a0     0x4  startup_stm32f401xe.o [1]
  .text              ro code   0x800'19a4     0x4  startup_stm32f401xe.o [1]
  .text              ro code   0x800'19a8     0x4  startup_stm32f401xe.o [1]
  .text              ro code   0x800'19ac     0x4  startup_stm32f401xe.o [1]
  .text              ro code   0x800'19b0     0x4  startup_stm32f401xe.o [1]
  .text              ro code   0x800'19b4     0x4  startup_stm32f401xe.o [1]
  .text              ro code   0x800'19b8     0x4  startup_stm32f401xe.o [1]
  .text              ro code   0x800'19bc     0x4  startup_stm32f401xe.o [1]
  .text              ro code   0x800'19c0     0x4  startup_stm32f401xe.o [1]
  .text              ro code   0x800'19c4     0x4  startup_stm32f401xe.o [1]
  .text              ro code   0x800'19c8     0x4  startup_stm32f401xe.o [1]
  .text              ro code   0x800'19cc     0x4  startup_stm32f401xe.o [1]
  .text              ro code   0x800'19d0     0x4  startup_stm32f401xe.o [1]
  .text              ro code   0x800'19d4     0x4  startup_stm32f401xe.o [1]
  .text              ro code   0x800'19d8     0x4  startup_stm32f401xe.o [1]
  .text              ro code   0x800'19dc     0x4  startup_stm32f401xe.o [1]
  .text              ro code   0x800'19e0     0x4  startup_stm32f401xe.o [1]
  .text              ro code   0x800'19e4     0x4  startup_stm32f401xe.o [1]
  .text              ro code   0x800'19e8     0x4  startup_stm32f401xe.o [1]
  .text              ro code   0x800'19ec     0x4  startup_stm32f401xe.o [1]
  .text              ro code   0x800'19f0     0x4  startup_stm32f401xe.o [1]
  .text              ro code   0x800'19f4     0x4  startup_stm32f401xe.o [1]
  .text              ro code   0x800'19f8     0x4  startup_stm32f401xe.o [1]
  .text              ro code   0x800'19fc     0x4  startup_stm32f401xe.o [1]
  .text              ro code   0x800'1a00     0x4  startup_stm32f401xe.o [1]
  .text              ro code   0x800'1a04     0x4  startup_stm32f401xe.o [1]
  .text              ro code   0x800'1a08     0x4  startup_stm32f401xe.o [1]
  .text              ro code   0x800'1a0c     0x4  startup_stm32f401xe.o [1]
  .text              ro code   0x800'1a10     0x4  startup_stm32f401xe.o [1]
  .text              ro code   0x800'1a14     0x4  startup_stm32f401xe.o [1]
  .text              ro code   0x800'1a18     0x4  startup_stm32f401xe.o [1]
  .text              ro code   0x800'1a1c     0x4  startup_stm32f401xe.o [1]
  .text              ro code   0x800'1a20     0x4  startup_stm32f401xe.o [1]
  .text              ro code   0x800'1a24     0x4  startup_stm32f401xe.o [1]
  .text              ro code   0x800'1a28     0x4  startup_stm32f401xe.o [1]
  .text              ro code   0x800'1a2c     0x4  startup_stm32f401xe.o [1]
  .text              ro code   0x800'1a30     0x4  startup_stm32f401xe.o [1]
  .text              ro code   0x800'1a34     0x4  startup_stm32f401xe.o [1]
  .text              ro code   0x800'1a38     0x4  startup_stm32f401xe.o [1]
  .text              ro code   0x800'1a3c     0x4  startup_stm32f401xe.o [1]
  .text              ro code   0x800'1a40     0x4  startup_stm32f401xe.o [1]
  .text              ro code   0x800'1a44     0x4  startup_stm32f401xe.o [1]
  .text              ro code   0x800'1a48     0x4  startup_stm32f401xe.o [1]
  .text              ro code   0x800'1a4c     0x4  startup_stm32f401xe.o [1]
  .text              ro code   0x800'1a50     0x4  startup_stm32f401xe.o [1]
  .text              ro code   0x800'1a54     0x4  startup_stm32f401xe.o [1]
  .text              ro code   0x800'1a58     0x4  startup_stm32f401xe.o [1]
  .text              ro code   0x800'1a5c     0x4  startup_stm32f401xe.o [1]
  .text              ro code   0x800'1a60     0x4  startup_stm32f401xe.o [1]
  .text              ro code   0x800'1a64     0x4  startup_stm32f401xe.o [1]
  .text              ro code   0x800'1a68     0x4  startup_stm32f401xe.o [1]
  .text              ro code   0x800'1a6c     0x4  startup_stm32f401xe.o [1]
  .text              ro code   0x800'1a70     0x4  startup_stm32f401xe.o [1]
  .text              ro code   0x800'1a74     0x4  startup_stm32f401xe.o [1]
  .rodata            const     0x800'1a78     0x0  packbits_init_single.o [7]
  Initializer bytes  const     0x800'1a78   0x249  <for P2-1>
                             - 0x800'1cc1  0x1b2d

"P2", part 1 of 2:                          0x2b8
  P2-1                        0x2000'0000   0x2b8  <Init block>
    .data            inited   0x2000'0000   0x100  AES.o [2]
    .data            inited   0x2000'0100   0x100  AES.o [2]
    .data            inited   0x2000'0200    0xa8  main.o [2]
    .data            inited   0x2000'02a8     0xc  stm32f4xx_hal.o [4]
    .data            inited   0x2000'02b4     0x4  system_stm32f4xx.o [3]
                            - 0x2000'02b8   0x2b8

"P2", part 2 of 2:                          0x400
  CSTACK                      0x2000'02b8   0x400  <Block>
    CSTACK           uninit   0x2000'02b8   0x400  <Block tail>
                            - 0x2000'06b8   0x400

Unused ranges:

         From           To      Size
         ----           --      ----
   0x800'1cc1   0x807'ffff  0x7'e33f
  0x2000'06b8  0x2001'7fff  0x1'7948


*******************************************************************************
*** INIT TABLE
***

          Address      Size
          -------      ----
Copy/packbits (__iar_packbits_init_single3)
    1 source range, total size 0x249 (84% of destination):
           0x800'1a78  0x249
    1 destination range, total size 0x2b8:
          0x2000'0000  0x2b8



*******************************************************************************
*** MODULE SUMMARY
***

    Module                  ro code  ro data  rw data
    ------                  -------  -------  -------
command line/config:
    -------------------------------------------------
    Total:

C:\Users\CanchezAK\Documents\IAR EW for ARM\AES-128\EWARM\AES-128\Obj\Application\EWARM: [1]
    startup_stm32f401xe.o       636
    -------------------------------------------------
    Total:                      636

C:\Users\CanchezAK\Documents\IAR EW for ARM\AES-128\EWARM\AES-128\Obj\Application\User\Core: [2]
    AES.o                       812      470      512
    main.o                    1'056      141      168
    stm32f4xx_hal_msp.o         192
    stm32f4xx_it.o               40
    -------------------------------------------------
    Total:                    2'100      611      680

C:\Users\CanchezAK\Documents\IAR EW for ARM\AES-128\EWARM\AES-128\Obj\Drivers\CMSIS: [3]
    system_stm32f4xx.o           44       12        4
    -------------------------------------------------
    Total:                       44       12        4

C:\Users\CanchezAK\Documents\IAR EW for ARM\AES-128\EWARM\AES-128\Obj\Drivers\STM32F4xx_HAL_Driver: [4]
    stm32f4xx_hal.o             176       10       12
    stm32f4xx_hal_cortex.o      196
    stm32f4xx_hal_dma.o          36
    stm32f4xx_hal_gpio.o        472
    stm32f4xx_hal_pwr.o          64
    stm32f4xx_hal_rcc.o       1'160
    stm32f4xx_hal_uart.o      1'178
    -------------------------------------------------
    Total:                    3'282       10       12

dl7M_tln.a: [5]
    exit.o                        4
    low_level_init.o              4
    -------------------------------------------------
    Total:                        8

m7M_tls.a: [6]
    fpinit_M.o                   34
    -------------------------------------------------
    Total:                       34

rt7M_tl.a: [7]
    ABImemcpy_small.o            24
    ABImemset.o                 102
    I64DivMod_small.o           262
    I64DivZer.o                   2
    cexit.o                      10
    cmain.o                      30
    cstartup_M.o                 28
    data_init.o                  40
    memset.o                     20
    packbits_init_single.o       58
    -------------------------------------------------
    Total:                      576

shb_l.a: [8]
    exit.o                       20
    -------------------------------------------------
    Total:                       20

    Gaps                         10        2
    Linker created                        16    1'024
-----------------------------------------------------
    Grand Total:              6'710      651    1'720


*******************************************************************************
*** ENTRY LIST
***

Entry                       Address   Size  Type      Object
-----                       -------   ----  ----      ------
.iar.init_table$$Base    0x800'1914          --   Gb  - Linker created -
.iar.init_table$$Limit   0x800'1924          --   Gb  - Linker created -
?main                    0x800'1925         Code  Gb  cmain.o [7]
AHBPrescTable            0x800'1858   0x10  Data  Gb  system_stm32f4xx.o [3]
APBPrescTable            0x800'1998    0x8  Data  Gb  system_stm32f4xx.o [3]
BusFault_Handler         0x800'1897    0x2  Code  Gb  stm32f4xx_it.o [2]
CSTACK$$Base            0x2000'02b8          --   Gb  - Linker created -
CSTACK$$Limit           0x2000'06b8          --   Gb  - Linker created -
DWT_Init                 0x800'0eed   0x1a  Code  Gb  main.o [2]
DebugMon_Handler         0x800'189d    0x2  Code  Gb  stm32f4xx_it.o [2]
EXTI15_10_IRQHandler     0x800'18b1    0x8  Code  Gb  stm32f4xx_it.o [2]
Error_Handler            0x800'1145    0x4  Code  Gb  main.o [2]
GMul                     0x800'1365   0x24  Code  Gb  AES.o [2]
HAL_DMA_Abort_IT         0x800'06f5   0x24  Code  Gb  stm32f4xx_hal_dma.o [4]
HAL_GPIO_EXTI_Callback   0x800'10bd   0x4c  Code  Gb  main.o [2]
HAL_GPIO_EXTI_IRQHandler
                         0x800'0c29   0x10  Code  Gb  stm32f4xx_hal_gpio.o [4]
HAL_GPIO_Init            0x800'0a85  0x190  Code  Gb  stm32f4xx_hal_gpio.o [4]
HAL_GPIO_ReadPin         0x800'0c15    0xc  Code  Gb  stm32f4xx_hal_gpio.o [4]
HAL_GPIO_WritePin        0x800'0c21    0x8  Code  Gb  stm32f4xx_hal_gpio.o [4]
HAL_GetTick              0x800'06e9    0xc  Code  Gb  stm32f4xx_hal.o [4]
HAL_IncTick              0x800'18b9   0x10  Code  Gb  stm32f4xx_hal.o [4]
HAL_Init                 0x800'14cd   0x30  Code  Gb  stm32f4xx_hal.o [4]
HAL_InitTick             0x800'0cbd   0x40  Code  Gb  stm32f4xx_hal.o [4]
HAL_MspInit              0x800'0629   0x38  Code  Gb  stm32f4xx_hal_msp.o [2]
HAL_NVIC_EnableIRQ       0x800'0a1b   0x16  Code  Gb  stm32f4xx_hal_cortex.o [4]
HAL_NVIC_SetPriority     0x800'09e1   0x3a  Code  Gb  stm32f4xx_hal_cortex.o [4]
HAL_NVIC_SetPriorityGrouping
                         0x800'09c7   0x1a  Code  Gb  stm32f4xx_hal_cortex.o [4]
HAL_PWR_DisableSleepOnExit
                         0x800'152d    0xc  Code  Gb  stm32f4xx_hal_pwr.o [4]
HAL_PWR_EnterSTOPMode    0x800'1501   0x2c  Code  Gb  stm32f4xx_hal_pwr.o [4]
HAL_RCC_ClockConfig      0x800'0759  0x100  Code  Gb  stm32f4xx_hal_rcc.o [4]
HAL_RCC_GetPCLK1Freq     0x800'0865   0x10  Code  Gb  stm32f4xx_hal_rcc.o [4]
HAL_RCC_GetPCLK2Freq     0x800'0875    0xe  Code  Gb  stm32f4xx_hal_rcc.o [4]
HAL_RCC_GetSysClockFreq
                         0x800'0c5d   0x60  Code  Gb  stm32f4xx_hal_rcc.o [4]
HAL_RCC_OscConfig        0x800'1551  0x2dc  Code  Gb  stm32f4xx_hal_rcc.o [4]
HAL_ResumeTick           0x800'182d   0x10  Code  Gb  stm32f4xx_hal.o [4]
HAL_SYSTICK_Config       0x800'0a31   0x28  Code  Gb  stm32f4xx_hal_cortex.o [4]
HAL_SuspendTick          0x800'1541   0x10  Code  Gb  stm32f4xx_hal.o [4]
HAL_UART_ErrorCallback   0x800'0719    0x2  Code  Gb  stm32f4xx_hal_uart.o [4]
HAL_UART_IRQHandler      0x800'02c9  0x15c  Code  Gb  stm32f4xx_hal_uart.o [4]
HAL_UART_Init            0x800'0195   0x1e  Code  Gb  stm32f4xx_hal_uart.o [4]
HAL_UART_MspInit         0x800'0661   0x76  Code  Gb  stm32f4xx_hal_msp.o [2]
HAL_UART_RxCpltCallback
                         0x800'071d    0x2  Code  Gb  stm32f4xx_hal_uart.o [4]
HAL_UART_Transmit        0x800'020b   0xaa  Code  Gb  stm32f4xx_hal_uart.o [4]
HAL_UART_TxCpltCallback
                         0x800'071b    0x2  Code  Gb  stm32f4xx_hal_uart.o [4]
HardFault_Handler        0x800'1893    0x2  Code  Gb  stm32f4xx_it.o [2]
MemManage_Handler        0x800'1895    0x2  Code  Gb  stm32f4xx_it.o [2]
NMI_Handler              0x800'1891    0x2  Code  Gb  stm32f4xx_it.o [2]
PendSV_Handler           0x800'189f    0x2  Code  Gb  stm32f4xx_it.o [2]
Region$$Table$$Base      0x800'1914          --   Gb  - Linker created -
Region$$Table$$Limit     0x800'1924          --   Gb  - Linker created -
S                       0x2000'0000  0x100  Data  Gb  AES.o [2]
SVC_Handler              0x800'189b    0x2  Code  Gb  stm32f4xx_it.o [2]
SysTick_Handler          0x800'18a1    0x4  Code  Gb  stm32f4xx_it.o [2]
SystemClock_Config       0x800'101f   0x9e  Code  Gb  main.o [2]
SystemCoreClock         0x2000'02b4    0x4  Data  Gb  system_stm32f4xx.o [3]
SystemInit               0x800'183d   0x14  Code  Gb  system_stm32f4xx.o [3]
UART_DMAAbortOnError     0x800'04a5    0xc  Code  Lc  stm32f4xx_hal_uart.o [4]
UART_EndRxTransfer       0x800'0489   0x1c  Code  Lc  stm32f4xx_hal_uart.o [4]
UART_Receive_IT          0x800'04b1   0x92  Code  Lc  stm32f4xx_hal_uart.o [4]
UART_SetConfig           0x800'0543   0xcc  Code  Lc  stm32f4xx_hal_uart.o [4]
UART_WaitOnFlagUntilTimeout
                         0x800'0425   0x56  Code  Lc  stm32f4xx_hal_uart.o [4]
USART1_IRQHandler        0x800'18a5    0x6  Code  Gb  stm32f4xx_it.o [2]
UsageFault_Handler       0x800'1899    0x2  Code  Gb  stm32f4xx_it.o [2]
__NVIC_SetPriority       0x800'09ad   0x1a  Code  Lc  stm32f4xx_hal_cortex.o [4]
__aeabi_ldiv0            0x800'0cfd         Code  Gb  I64DivZer.o [7]
__aeabi_memset           0x800'0d01         Code  Gb  ABImemset.o [7]
__cmain                  0x800'1925         Code  Gb  cmain.o [7]
__exit                   0x800'1959   0x14  Code  Gb  exit.o [8]
__iar_Memset             0x800'0d01         Code  Gb  ABImemset.o [7]
__iar_Memset_word        0x800'0d09         Code  Gb  ABImemset.o [7]
__iar_data_init3         0x800'18c9   0x28  Code  Gb  data_init.o [7]
__iar_init_vfp           0x800'18f1         Code  Gb  fpinit_M.o [6]
__iar_packbits_init_single3
                         0x800'071f   0x3a  Code  Gb  packbits_init_single.o [7]
__iar_program_start      0x800'196d         Code  Gb  cstartup_M.o [7]
__iar_small_Memcpy       0x800'118d         Code  Gb  ABImemcpy_small.o [7]
__iar_small_memcpy       0x800'1189         Code  Gb  ABImemcpy_small.o [7]
__iar_small_memcpy4      0x800'1189         Code  Gb  ABImemcpy_small.o [7]
__iar_small_memcpy8      0x800'1189         Code  Gb  ABImemcpy_small.o [7]
__iar_small_uldivmod     0x800'08a5         Code  Gb  I64DivMod_small.o [7]
__low_level_init         0x800'1943    0x4  Code  Gb  low_level_init.o [5]
__vector_table           0x800'0000         Data  Gb  startup_stm32f401xe.o [1]
_call_main               0x800'1931         Code  Gb  cmain.o [7]
_exit                    0x800'194d         Code  Gb  cexit.o [7]
addRoundKey              0x800'12a9   0x3e  Code  Gb  AES.o [2]
aesDecrypt               0x800'140f   0xa8  Code  Gb  AES.o [2]
decrypt                  0x800'0e73   0x7a  Code  Gb  main.o [2]
decrypt_test            0x2000'0248   0x30  Data  Gb  main.o [2]
exit                     0x800'1947    0x4  Code  Gb  exit.o [5]
huart1                  0x2000'0204   0x40  Data  Gb  main.o [2]
invMixColumns            0x800'1389   0x86  Code  Gb  AES.o [2]
invShiftRows             0x800'1309   0x5c  Code  Gb  AES.o [2]
invSubBytes              0x800'12e7   0x16  Code  Gb  AES.o [2]
inv_S                   0x2000'0100  0x100  Data  Gb  AES.o [2]
key                      0x800'1148   0x10  Data  Gb  main.o [2]
keyExpansion             0x800'11e1   0xc8  Code  Gb  AES.o [2]
loadStateArray           0x800'11a1   0x20  Code  Gb  AES.o [2]
main                     0x800'0f07  0x10e  Code  Gb  main.o [2]
memset                   0x800'0a71   0x14  Code  Gb  memset.o [7]
omass                   0x2000'0278   0x30  Data  Gb  main.o [2]
rcon                     0x800'1868   0x28  Data  Lc  AES.o [2]
size_omass              0x2000'0202    0x2  Data  Gb  main.o [2]
sleep                   0x2000'0200    0x1  Data  Gb  main.o [2]
storeStateArray          0x800'11c1   0x20  Code  Gb  AES.o [2]
time_act                0x2000'0244    0x4  Data  Gb  main.o [2]
time_transmit            0x800'0d69   0xee  Code  Gb  main.o [2]
uwTick                  0x2000'02ac    0x4  Data  Gb  stm32f4xx_hal.o [4]
uwTickFreq              0x2000'02a8    0x1  Data  Gb  stm32f4xx_hal.o [4]
uwTickPrio              0x2000'02b0    0x4  Data  Gb  stm32f4xx_hal.o [4]


[1] = C:\Users\CanchezAK\Documents\IAR EW for ARM\AES-128\EWARM\AES-128\Obj\Application\EWARM
[2] = C:\Users\CanchezAK\Documents\IAR EW for ARM\AES-128\EWARM\AES-128\Obj\Application\User\Core
[3] = C:\Users\CanchezAK\Documents\IAR EW for ARM\AES-128\EWARM\AES-128\Obj\Drivers\CMSIS
[4] = C:\Users\CanchezAK\Documents\IAR EW for ARM\AES-128\EWARM\AES-128\Obj\Drivers\STM32F4xx_HAL_Driver
[5] = dl7M_tln.a
[6] = m7M_tls.a
[7] = rt7M_tl.a
[8] = shb_l.a

  6'710 bytes of readonly  code memory
    651 bytes of readonly  data memory
  1'720 bytes of readwrite data memory

Errors: none
Warnings: none
